// Jest Snapshot v1, https://goo.gl/fbAQLP

exports[`defaults - snapshot 1`] = `
<div>
  <div
    class=""
    style="position: relative; box-sizing: border-box;"
  >
    <span
      aria-atomic="false"
      aria-live="polite"
      aria-relevant="additions text"
      style="z-index: 9999; border: 0px; clip: rect(1px, 1px, 1px, 1px); height: 1px; width: 1px; position: absolute; overflow: hidden; padding: 0px; white-space: nowrap;"
    />
    <div
      class=""
      style="align-items: center; background-color: rgb(255, 255, 255); border-color: hsl(0, 0%, 80%); border-radius: 4px; border-style: solid; border-width: 1px; cursor: default; display: flex; flex-wrap: wrap; justify-content: space-between; min-height: 38px; outline: 0 !important; position: relative; transition: all 100ms; box-sizing: border-box;"
    >
      <div
        class=""
        style="align-items: center; display: flex; flex: 1; flex-wrap: wrap; padding: 2px 8px; position: relative; overflow: hidden; box-sizing: border-box;"
      >
        <div
          class=""
          style="color: rgb(128, 128, 128); margin-left: 2px; margin-right: 2px; position: absolute; top: 50%; transform: translateY(-50%); box-sizing: border-box;"
        >
          Select...
        </div>
        <div
          style="margin: 2px; padding-bottom: 2px; padding-top: 2px; visibility: visible; color: rgb(51, 51, 51); box-sizing: border-box;"
        >
          <div
            class=""
            style="display: inline-block;"
          >
            <input
              aria-autocomplete="list"
              autocapitalize="none"
              autocomplete="off"
              autocorrect="off"
              id="react-select-2-input"
              spellcheck="false"
              style="box-sizing: content-box; width: 2px; border: 0px; opacity: 1; outline: 0; padding: 0px;"
              tabindex="0"
              type="text"
              value=""
            />
            <div
              style="position: absolute; top: 0px; left: 0px; visibility: hidden; height: 0px; overflow: scroll; white-space: pre; font-family: -webkit-small-control; letter-spacing: normal; text-transform: none;"
            />
          </div>
        </div>
      </div>
      <div
        class=""
        style="align-items: center; align-self: stretch; display: flex; flex-shrink: 0; box-sizing: border-box;"
      >
        <span
          class=""
          style="align-self: stretch; background-color: rgb(204, 204, 204); margin-bottom: 8px; margin-top: 8px; width: 1px; box-sizing: border-box;"
        />
        <div
          aria-hidden="true"
          class=""
          style="color: rgb(204, 204, 204); display: flex; padding: 8px; transition: color 150ms; box-sizing: border-box;"
        >
          <svg
            aria-hidden="true"
            focusable="false"
            height="20"
            style="display: inline-block; fill: currentColor; line-height: 1; stroke: currentColor; stroke-width: 0;"
            viewBox="0 0 20 20"
            width="20"
          >
            <path
              d="M4.516 7.548c0.436-0.446 1.043-0.481 1.576 0l3.908 3.747 3.908-3.747c0.533-0.481 1.141-0.446 1.574 0 0.436 0.445 0.408 1.197 0 1.615-0.406 0.418-4.695 4.502-4.695 4.502-0.217 0.223-0.502 0.335-0.787 0.335s-0.57-0.112-0.789-0.335c0 0-4.287-4.084-4.695-4.502s-0.436-1.17 0-1.615z"
            />
          </svg>
        </div>
      </div>
    </div>
  </div>
</div>
`;
